// Jest Snapshot v1, https://goo.gl/fbAQLP

exports[`Pruebas en GifItem should match with the snapshot 1`] = `
<div>
  <div
    class="card"
  >
    <img
      alt="title test string"
      src="https://www.testurl/testurl"
    />
    <p>
      title test string
    </p>
  </div>
</div>
`;
